Archive member included to satisfy reference by file (symbol)

c:/program files/microchip/xc32/v4.21/bin/bin/../../lib/gcc/pic32c/8.3.1/../../../../pic32c/lib/thumb/v8-m.base/nofp\libpic32c.a(data_init_wrapper.o)
                              build/default/production/_ext/1171490990/startup_xc32.o (__pic32c_data_initialization)
c:/program files/microchip/xc32/v4.21/bin/bin/../../lib/gcc/pic32c/8.3.1/../../../../pic32c/lib/thumb/v8-m.base/nofp\libpic32c.a(data_init_0_1.o)
                              c:/program files/microchip/xc32/v4.21/bin/bin/../../lib/gcc/pic32c/8.3.1/../../../../pic32c/lib/thumb/v8-m.base/nofp\libpic32c.a(data_init_wrapper.o) (__pic32c_data_initialization_impl)
c:/program files/microchip/xc32/v4.21/bin/bin/../../lib/gcc/pic32c/8.3.1/../../../../pic32c/lib/thumb/v8-m.base/nofp\libc-musl.a(__libc_start_main.o)
                              build/default/production/_ext/1171490990/startup_xc32.o (__libc_init_array)
c:/program files/microchip/xc32/v4.21/bin/bin/../../lib/gcc/pic32c/8.3.1/../../../../pic32c/lib/thumb/v8-m.base/nofp\libc-musl.a(libc.o)
                              c:/program files/microchip/xc32/v4.21/bin/bin/../../lib/gcc/pic32c/8.3.1/../../../../pic32c/lib/thumb/v8-m.base/nofp\libc-musl.a(__libc_start_main.o) (__progname_full)
c:/program files/microchip/xc32/v4.21/bin/bin/../../lib/gcc/pic32c/8.3.1/../../../../pic32c/lib/thumb/v8-m.base/nofp\libc-musl.a(memcpy.o)
                              build/default/production/_ext/1593096446/plib_nvmctrl.o (memcpy)
c:/program files/microchip/xc32/v4.21/bin/bin/../../lib/gcc/pic32c/8.3.1/../../../../pic32c/lib/thumb/v8-m.base/nofp\libc-musl.a(strstr.o)
                              build/default/production/_ext/1018957768/rnbd_interface.o (strstr)
c:/program files/microchip/xc32/v4.21/bin/bin/../../lib/gcc/pic32c/8.3.1/../../../../pic32c/lib/thumb/v8-m.base/nofp\libc-musl.a(__environ.o)
                              c:/program files/microchip/xc32/v4.21/bin/bin/../../lib/gcc/pic32c/8.3.1/../../../../pic32c/lib/thumb/v8-m.base/nofp\libc-musl.a(__libc_start_main.o) (__environ)
c:/program files/microchip/xc32/v4.21/bin/bin/../../lib/gcc/pic32c/8.3.1/thumb/v8-m.base/nofp\libgcc.a(cmse_nonsecure_call.o)
                              build/default/production/_ext/1360937237/main.o (__gnu_cmse_nonsecure_call)
c:/program files/microchip/xc32/v4.21/bin/bin/../../lib/gcc/pic32c/8.3.1/thumb/v8-m.base/nofp\libgcc.a(_aeabi_uldivmod.o)
                              build/default/production/_ext/504274921/plib_sercom2_usart.o (__aeabi_uldivmod)
c:/program files/microchip/xc32/v4.21/bin/bin/../../lib/gcc/pic32c/8.3.1/thumb/v8-m.base/nofp\libgcc.a(_udivmoddi4.o)
                              c:/program files/microchip/xc32/v4.21/bin/bin/../../lib/gcc/pic32c/8.3.1/thumb/v8-m.base/nofp\libgcc.a(_aeabi_uldivmod.o) (__udivmoddi4)
c:/program files/microchip/xc32/v4.21/bin/bin/../../lib/gcc/pic32c/8.3.1/thumb/v8-m.base/nofp\libgcc.a(_dvmd_tls.o)
                              c:/program files/microchip/xc32/v4.21/bin/bin/../../lib/gcc/pic32c/8.3.1/thumb/v8-m.base/nofp\libgcc.a(_aeabi_uldivmod.o) (__aeabi_ldiv0)
c:/program files/microchip/xc32/v4.21/bin/bin/../../lib/gcc/pic32c/8.3.1/thumb/v8-m.base/nofp\libgcc.a(_clzsi2.o)
                              c:/program files/microchip/xc32/v4.21/bin/bin/../../lib/gcc/pic32c/8.3.1/thumb/v8-m.base/nofp\libgcc.a(_udivmoddi4.o) (__clzsi2)

Microchip PIC32 Memory-Usage Report

ROM Program-Memory Usage
section                    address  length [bytes]      (dec)  Description
-------                 ----------  -------------------------  -----------
.vectors                         0          0x2b8         696   
.text                        0x2b8           0x30          48  App's exec code 
.text.SERCOM2_USART_Int      0x2e8          0x290         656   
.text.SERCOM2_USART_Wri      0x578          0x128         296   
.dinit                       0x6a0           0xf0         240   
.text.RNBD_DataReady         0x790           0xe8         232   
.text.CLOCK_Initialize       0x878           0xc4         196   
.text.SERCOM2_USART_Ini      0x93c           0xb8         184   
.text.SERCOM2_USART_Rea      0x9f4           0xb2         178   
.text.RNBD_MessageHandl      0xaa6           0xae         174   
.text.RNBD_Example_Init      0xb54           0x92         146   
.text.EVSYS_Initialize       0xbe6            0x2           2   
.text.__pic32c_data_ini      0xbe8           0x70         112   
.text.NVIC_Initialize        0xc58           0x6c         108   
.text.__libc_start_init      0xcc4           0x5c          92   
.text.Reset_Handler          0xd20           0x54          84   
.text                        0xd74           0x40          64  App's exec code 
.text.PM_Initialize          0xdb4           0x3a          58   
.text.main                   0xdee           0x3a          58   
.text.PORT_Initialize        0xe28           0x32          50   
[...]
Memory Configuration

Name             Origin             Length             Attributes
rom              0x00000000         0x00040000         xrl
rom_nsc          0x0003fe00         0x00000200         xrl
ram              0x20000000         0x00008000         xw !r
config_00804000  0x00804000         0x00000004
config_00804004  0x00804004         0x00000004
config_00804008  0x00804008         0x00000004
config_0080400C  0x0080400c         0x00000004
config_00804010  0x00804010         0x00000004
config_00804014  0x00804014         0x00000004
config_00804018  0x00804018         0x00000004
config_0080401C  0x0080401c         0x00000004
config_00804020  0x00804020         0x00000004
*default*        0x00000000         0xffffffff

Linker script and memory map

LOAD c:/program files/microchip/xc32/v4.21/bin/bin/../../lib/gcc/pic32c/8.3.1/thumb/v8-m.base/nofp/crti.o
LOAD c:/program files/microchip/xc32/v4.21/bin/bin/../../lib/gcc/pic32c/8.3.1/thumb/v8-m.base/nofp/crtbegin.o
LOAD build/default/production/_ext/1984496892/plib_clock.o
LOAD build/default/production/_ext/1986646378/plib_evsys.o
LOAD build/default/production/_ext/1865468468/plib_nvic.o
LOAD build/default/production/_ext/1593096446/plib_nvmctrl.o
LOAD build/default/production/_ext/829342769/plib_pm.o
LOAD build/default/production/_ext/1865521619/plib_port.o
LOAD build/default/production/_ext/504274921/plib_sercom2_usart.o
LOAD build/default/production/_ext/163028504/xc32_monitor.o
LOAD build/default/production/_ext/1171490990/libc_syscalls.o
LOAD build/default/production/_ext/1171490990/initialization.o
LOAD build/default/production/_ext/1171490990/interrupts.o
LOAD build/default/production/_ext/1171490990/startup_xc32.o
LOAD build/default/production/_ext/1171490990/exceptions.o
LOAD build/default/production/_ext/1819190275/rnbd_example.o
LOAD build/default/production/_ext/1018957768/rnbd.o
LOAD build/default/production/_ext/1018957768/rnbd_interface.o
LOAD build/default/production/_ext/729289533/non_secure_entry.o
LOAD build/default/production/_ext/1903470166/nonsecure_entry.o
LOAD build/default/production/_ext/1360937237/main.o
                0x00000001                __MPLAB_BUILD = 0x1
                0x00040000                __rom_end = (ORIGIN (rom) + LENGTH (rom))
                0x00040000                __rom_nsc_end = (ORIGIN (rom_nsc) + LENGTH (rom_nsc))
                0x20008000                __ram_end = (ORIGIN (ram) + LENGTH (ram))

.config_00804000
 *(.config_00804000)

.config_00804004
 *(.config_00804004)

.config_00804008
 *(.config_00804008)

.config_0080400C
 *(.config_0080400C)

.config_00804010
 *(.config_00804010)

.config_00804014
 *(.config_00804014)

.config_00804018
 *(.config_00804018)

.config_0080401C
 *(.config_0080401C)

.config_00804020
 *(.config_00804020)

.vectors        0x00000000      0x2b8
                0x00000000                . = ALIGN (0x4)
                0x00000000                _sfixed = .
 *(.vectors .vectors.* .vectors_default .vectors_default.*)
 .vectors.exception_table
                0x00000000      0x15c build/default/production/_ext/1171490990/interrupts.o
                0x00000000                exception_table
 .vectors.default
                0x0000015c      0x15c C:\Users\i18360\AppData\Local\Temp\cc9wLQlo.o
 *(.isr_vector)
 *(.reset*)
 *(.after_vectors)

.text           0x000002b8       0x30
                0x000002b8                . = ALIGN (0x4)
 *(.glue_7t)
 .glue_7t       0x000002b8        0x0 linker stubs
 *(.glue_7)
 .glue_7        0x000002b8        0x0 linker stubs
 *veneer.o(.text.*)
 *nonsecure_entry.o(.text.*)
 .text.secure_add
                0x000002b8       0x10 build/default/production/_ext/1903470166/nonsecure_entry.o
                0x000002b8                __acle_se_secure_add
 *(.gnu.linkonce.r.*)
 *(.ARM.extab* .gnu.linkonce.armextab.*)
                0x000002c8                . = ALIGN (0x4)
 *(.init)
 .init          0x000002c8        0x4 c:/program files/microchip/xc32/v4.21/bin/bin/../../lib/gcc/pic32c/8.3.1/thumb/v8-m.base/nofp/crti.o
                0x000002c8                _init
 .init          0x000002cc        0x8 c:/program files/microchip/xc32/v4.21/bin/bin/../../lib/gcc/pic32c/8.3.1/thumb/v8-m.base/nofp/crtn.o
                0x000002d4                . = ALIGN (0x4)
                0x000002d4                __preinit_array_start = .
 *(.preinit_array)
                0x000002d4                __preinit_array_end = .
                0x000002d4                . = ALIGN (0x4)
                0x000002d4                __init_array_start = .
 *(SORT_BY_NAME(.init_array.*))
 *(.init_array)
 .init_array    0x000002d4        0x4 c:/program files/microchip/xc32/v4.21/bin/bin/../../lib/gcc/pic32c/8.3.1/thumb/v8-m.base/nofp/crtbegin.o
                0x000002d8                __init_array_end = .
                0x000002d8                . = ALIGN (0x4)
 *crtbegin.o(.ctors)
 *(EXCLUDE_FILE(*crtend.o) .ctors)
 *(SORT_BY_NAME(.ctors.*))
 *crtend.o(.ctors)
                0x000002d8                . = ALIGN (0x4)
 *(.fini)
 .fini          0x000002d8        0x4 c:/program files/microchip/xc32/v4.21/bin/bin/../../lib/gcc/pic32c/8.3.1/thumb/v8-m.base/nofp/crti.o
                0x000002d8                _fini
 .fini          0x000002dc        0x8 c:/program files/microchip/xc32/v4.21/bin/bin/../../lib/gcc/pic32c/8.3.1/thumb/v8-m.base/nofp/crtn.o
                0x000002e4                . = ALIGN (0x4)
                0x000002e4                __fini_array_start = .
 *(.fini_array)
 .fini_array    0x000002e4        0x4 c:/program files/microchip/xc32/v4.21/bin/bin/../../lib/gcc/pic32c/8.3.1/thumb/v8-m.base/nofp/crtbegin.o
 *(SORT_BY_NAME(.fini_array.*))
                0x000002e8                __fini_array_end = .
 *crtbegin.o(.dtors)
 *(EXCLUDE_FILE(*crtend.o) .dtors)
 *(SORT_BY_NAME(.dtors.*))
 *crtend.o(.dtors)
                0x000002e8                . = ALIGN (0x4)
                0x000002e8                _efixed = .
                [!provide]                PROVIDE (__exidx_start = .)

.ARM.exidx
 *(.ARM.exidx* .gnu.linkonce.armexidx.*)
                [!provide]                PROVIDE (__exidx_end = .)
                0x000002e8                . = ALIGN (0x4)
                0x000002e8                _etext = .
                0x000002e8                . = ALIGN (0x4)

.gnu.sgstubs    0x0003fe00       0x10
                0x0003fe00                _ssgstubs = .
 .gnu.sgstubs.__stub
                0x0003fe00       0x10 linker stubs
                0x0003fe00                secure_add
                0x0003fe08                RNBD_ExampleInit

.bss            0x20000000        0x0
                0x20000000                . = ALIGN (0x4)
                0x20000000                __bss_start__ = .
                0x20000000                _sbss = .
                0x20000000                _szero = .
 *(COMMON)
                0x20000000                . = ALIGN (0x4)
                0x20000000                __bss_end__ = .
                0x20000000                _ebss = .
                0x20000000                _ezero = .
                0x20000000                . = ALIGN (0x4)
                0x20000000                _end = .
                0x20007fff                _ram_end_ = ((ORIGIN (ram) + LENGTH (ram)) - 0x1)
                0x00000200                _min_heap_size = 0x200
LOAD C:\Users\i18360\AppData\Local\Temp\cc9wLQlo.o
START GROUP
LOAD c:/program files/microchip/xc32/v4.21/bin/bin/../../lib/gcc/pic32c/8.3.1/../../../../pic32c/lib/thumb/v8-m.base/nofp\libpic32c.a
LOAD c:/program files/microchip/xc32/v4.21/bin/bin/../../lib/gcc/pic32c/8.3.1/../../../../pic32c/lib/thumb/v8-m.base/nofp\libm-emfloat.a
LOAD c:/program files/microchip/xc32/v4.21/bin/bin/../../lib/gcc/pic32c/8.3.1/../../../../pic32c/lib/thumb/v8-m.base/nofp\libc-musl.a
LOAD c:/program files/microchip/xc32/v4.21/bin/bin/../../lib/gcc/pic32c/8.3.1/../../../../pic32c/lib/thumb/v8-m.base/nofp\libm-emfloat.a
LOAD c:/program files/microchip/xc32/v4.21/bin/bin/../../lib/gcc/pic32c/8.3.1/thumb/v8-m.base/nofp\libgcc.a
END GROUP
LOAD c:/program files/microchip/xc32/v4.21/bin/bin/../../lib/gcc/pic32c/8.3.1/thumb/v8-m.base/nofp/crtend.o
LOAD c:/program files/microchip/xc32/v4.21/bin/bin/../../lib/gcc/pic32c/8.3.1/thumb/v8-m.base/nofp/crtn.o
OUTPUT(dist/default/production/pic32cmls100_Secure.X.production.elf elf32-littlearm)
LOAD stack
LOAD data_init

.ARM.attributes
                0x00000000       0x2e
 .ARM.attributes
                0x00000000       0x22 c:/program files/microchip/xc32/v4.21/bin/bin/../../lib/gcc/pic32c/8.3.1/thumb/v8-m.base/nofp/crti.o
 .ARM.attributes
                0x00000022       0x30 c:/program files/microchip/xc32/v4.21/bin/bin/../../lib/gcc/pic32c/8.3.1/thumb/v8-m.base/nofp/crtbegin.o
 .ARM.attributes
                0x00000052       0x30 build/default/production/_ext/1984496892/plib_clock.o
 .ARM.attributes
                0x00000082       0x30 build/default/production/_ext/1986646378/plib_evsys.o
 .ARM.attributes
                0x000000b2       0x30 build/default/production/_ext/1865468468/plib_nvic.o
 .ARM.attributes
                0x000000e2       0x30 build/default/production/_ext/1593096446/plib_nvmctrl.o
 .ARM.attributes
                0x00000112       0x30 build/default/production/_ext/829342769/plib_pm.o
 .ARM.attributes
                0x00000142       0x30 build/default/production/_ext/1865521619/plib_port.o
 .ARM.attributes
                0x00000172       0x30 build/default/production/_ext/504274921/plib_sercom2_usart.o
 .ARM.attributes
                0x000001a2       0x30 build/default/production/_ext/1171490990/initialization.o
 .ARM.attributes
                0x000001d2       0x30 build/default/production/_ext/1171490990/interrupts.o
 .ARM.attributes
                0x00000202       0x30 build/default/production/_ext/1171490990/startup_xc32.o
 .ARM.attributes
                0x00000232       0x30 build/default/production/_ext/1171490990/exceptions.o
 .ARM.attributes
                0x00000262       0x30 build/default/production/_ext/1819190275/rnbd_example.o
 .ARM.attributes
                0x00000292       0x30 build/default/production/_ext/1018957768/rnbd.o
 .ARM.attributes
                0x000002c2       0x30 build/default/production/_ext/1018957768/rnbd_interface.o
 .ARM.attributes
                0x000002f2       0x30 build/default/production/_ext/1903470166/nonsecure_entry.o
 .ARM.attributes
                0x00000322       0x30 build/default/production/_ext/1360937237/main.o
 .ARM.attributes
                0x00000352       0x30 C:\Users\i18360\AppData\Local\Temp\cc9wLQlo.o
 .ARM.attributes
                0x00000382       0x30 c:/program files/microchip/xc32/v4.21/bin/bin/../../lib/gcc/pic32c/8.3.1/../../../../pic32c/lib/thumb/v8-m.base/nofp\libpic32c.a(data_init_wrapper.o)
 .ARM.attributes
                0x000003b2       0x30 c:/program files/microchip/xc32/v4.21/bin/bin/../../lib/gcc/pic32c/8.3.1/../../../../pic32c/lib/thumb/v8-m.base/nofp\libpic32c.a(data_init_0_1.o)
 .ARM.attributes
                0x000003e2       0x32 c:/program files/microchip/xc32/v4.21/bin/bin/../../lib/gcc/pic32c/8.3.1/../../../../pic32c/lib/thumb/v8-m.base/nofp\libc-musl.a(__libc_start_main.o)
 .ARM.attributes
                0x00000414       0x32 c:/program files/microchip/xc32/v4.21/bin/bin/../../lib/gcc/pic32c/8.3.1/../../../../pic32c/lib/thumb/v8-m.base/nofp\libc-musl.a(libc.o)
 .ARM.attributes
                0x00000446       0x32 c:/program files/microchip/xc32/v4.21/bin/bin/../../lib/gcc/pic32c/8.3.1/../../../../pic32c/lib/thumb/v8-m.base/nofp\libc-musl.a(strstr.o)
 .ARM.attributes
                0x00000478       0x32 c:/program files/microchip/xc32/v4.21/bin/bin/../../lib/gcc/pic32c/8.3.1/../../../../pic32c/lib/thumb/v8-m.base/nofp\libc-musl.a(__environ.o)
 .ARM.attributes
                0x000004aa       0x20 c:/program files/microchip/xc32/v4.21/bin/bin/../../lib/gcc/pic32c/8.3.1/thumb/v8-m.base/nofp\libgcc.a(cmse_nonsecure_call.o)
 .ARM.attributes
                0x000004ca       0x22 c:/program files/microchip/xc32/v4.21/bin/bin/../../lib/gcc/pic32c/8.3.1/thumb/v8-m.base/nofp/crtn.o

.comment        0x00000000       0x2b
 .comment       0x00000000       0x2b c:/program files/microchip/xc32/v4.21/bin/bin/../../lib/gcc/pic32c/8.3.1/thumb/v8-m.base/nofp/crtbegin.o
                                 0x2c (size before relaxing)
 .comment       0x0000002b       0x2c build/default/production/_ext/1984496892/plib_clock.o
 .comment       0x0000002b       0x2c build/default/production/_ext/1986646378/plib_evsys.o
 .comment       0x0000002b       0x2c build/default/production/_ext/1865468468/plib_nvic.o
 .comment       0x0000002b       0x2c build/default/production/_ext/1593096446/plib_nvmctrl.o
 .comment       0x0000002b       0x2c build/default/production/_ext/829342769/plib_pm.o
 .comment       0x0000002b       0x2c build/default/production/_ext/1865521619/plib_port.o
 .comment       0x0000002b       0x2c build/default/production/_ext/504274921/plib_sercom2_usart.o
 .comment       0x0000002b       0x2c build/default/production/_ext/1171490990/initialization.o
 .comment       0x0000002b       0x2c build/default/production/_ext/1171490990/interrupts.o
 .comment       0x0000002b       0x2c build/default/production/_ext/1171490990/startup_xc32.o
 .comment       0x0000002b       0x2c build/default/production/_ext/1171490990/exceptions.o
 .comment       0x0000002b       0x2c build/default/production/_ext/1819190275/rnbd_example.o
 .comment       0x0000002b       0x2c build/default/production/_ext/1018957768/rnbd.o
 .comment       0x0000002b       0x2c build/default/production/_ext/1018957768/rnbd_interface.o
 .comment       0x0000002b       0x2c build/default/production/_ext/1903470166/nonsecure_entry.o
 .comment       0x0000002b       0x2c build/default/production/_ext/1360937237/main.o
 .comment       0x0000002b       0x2c C:\Users\i18360\AppData\Local\Temp\cc9wLQlo.o
 .comment       0x0000002b       0x2c c:/program files/microchip/xc32/v4.21/bin/bin/../../lib/gcc/pic32c/8.3.1/../../../../pic32c/lib/thumb/v8-m.base/nofp\libpic32c.a(data_init_wrapper.o)
 .comment       0x0000002b       0x2c c:/program files/microchip/xc32/v4.21/bin/bin/../../lib/gcc/pic32c/8.3.1/../../../../pic32c/lib/thumb/v8-m.base/nofp\libpic32c.a(data_init_0_1.o)
 .comment       0x0000002b       0x2c c:/program files/microchip/xc32/v4.21/bin/bin/../../lib/gcc/pic32c/8.3.1/../../../../pic32c/lib/thumb/v8-m.base/nofp\libc-musl.a(__libc_start_main.o)
 .comment       0x0000002b       0x2c c:/program files/microchip/xc32/v4.21/bin/bin/../../lib/gcc/pic32c/8.3.1/../../../../pic32c/lib/thumb/v8-m.base/nofp\libc-musl.a(libc.o)
 .comment       0x0000002b       0x2c c:/program files/microchip/xc32/v4.21/bin/bin/../../lib/gcc/pic32c/8.3.1/../../../../pic32c/lib/thumb/v8-m.base/nofp\libc-musl.a(strstr.o)
 .comment       0x0000002b       0x2c c:/program files/microchip/xc32/v4.21/bin/bin/../../lib/gcc/pic32c/8.3.1/../../../../pic32c/lib/thumb/v8-m.base/nofp\libc-musl.a(__environ.o)

.debug_info     0x00000000     0xc8f5
 .debug_info    0x00000000      0xc6d build/default/production/_ext/1984496892/plib_clock.o
 .debug_info    0x00000c6d      0x353 build/default/production/_ext/1986646378/plib_evsys.o
 .debug_info    0x00000fc0      0xed1 build/default/production/_ext/1865468468/plib_nvic.o
 .debug_info    0x00001e91      0xe5e build/default/production/_ext/1593096446/plib_nvmctrl.o
 .debug_info    0x00002cef      0x59e build/default/production/_ext/829342769/plib_pm.o
 .debug_info    0x0000328d      0xff1 build/default/production/_ext/1865521619/plib_port.o
 .debug_info    0x0000427e     0x2296 build/default/production/_ext/504274921/plib_sercom2_usart.o
 .debug_info    0x00006514      0x793 build/default/production/_ext/1171490990/initialization.o
 .debug_info    0x00006ca7      0xe8b build/default/production/_ext/1171490990/interrupts.o
 .debug_info    0x00007b32      0x4d9 build/default/production/_ext/1171490990/startup_xc32.o
 .debug_info    0x0000800b      0x415 build/default/production/_ext/1171490990/exceptions.o
 .debug_info    0x00008420      0x731 build/default/production/_ext/1819190275/rnbd_example.o
 .debug_info    0x00008b51      0xe3e build/default/production/_ext/1018957768/rnbd.o
 .debug_info    0x0000998f      0xed4 build/default/production/_ext/1018957768/rnbd_interface.o
 .debug_info    0x0000a863      0x372 build/default/production/_ext/729289533/non_secure_entry.o
 .debug_info    0x0000abd5      0x2a9 build/default/production/_ext/1903470166/nonsecure_entry.o
 .debug_info    0x0000ae7e      0x434 build/default/production/_ext/1360937237/main.o
 .debug_info    0x0000b2b2      0x2a5 c:/program files/microchip/xc32/v4.21/bin/bin/../../lib/gcc/pic32c/8.3.1/../../../../pic32c/lib/thumb/v8-m.base/nofp\libpic32c.a(data_init_wrapper.o)
 .debug_info    0x0000b557      0x2a6 c:/program files/microchip/xc32/v4.21/bin/bin/../../lib/gcc/pic32c/8.3.1/../../../../pic32c/lib/thumb/v8-m.base/nofp\libpic32c.a(data_init_0_1.o)
 .debug_info    0x0000b7fd      0x624 c:/program files/microchip/xc32/v4.21/bin/bin/../../lib/gcc/pic32c/8.3.1/../../../../pic32c/lib/thumb/v8-m.base/nofp\libc-musl.a(__libc_start_main.o)
 .debug_info    0x0000be21      0x536 c:/program files/microchip/xc32/v4.21/bin/bin/../../lib/gcc/pic32c/8.3.1/../../../../pic32c/lib/thumb/v8-m.base/nofp\libc-musl.a(libc.o)
 .debug_info    0x0000c357      0x2c8 c:/program files/microchip/xc32/v4.21/bin/bin/../../lib/gcc/pic32c/8.3.1/../../../../pic32c/lib/thumb/v8-m.base/nofp\libc-musl.a(strstr.o)
 .debug_info    0x0000c61f      0x2b0 c:/program files/microchip/xc32/v4.21/bin/bin/../../lib/gcc/pic32c/8.3.1/../../../../pic32c/lib/thumb/v8-m.base/nofp\libc-musl.a(__environ.o)
 .debug_info    0x0000c8cf       0x26 c:/program files/microchip/xc32/v4.21/bin/bin/../../lib/gcc/pic32c/8.3.1/thumb/v8-m.base/nofp\libgcc.a(cmse_nonsecure_call.o)

.debug_abbrev   0x00000000     0x1c08
 .debug_abbrev  0x00000000      0x162 build/default/production/_ext/1984496892/plib_clock.o
 .debug_abbrev  0x00000162       0x3b build/default/production/_ext/1986646378/plib_evsys.o
 .debug_abbrev  0x0000019d      0x1d0 build/default/production/_ext/1865468468/plib_nvic.o
 .debug_abbrev  0x0000036d      0x1e9 build/default/production/_ext/1593096446/plib_nvmctrl.o
 .debug_abbrev  0x00000556       0xfb build/default/production/_ext/829342769/plib_pm.o
 .debug_abbrev  0x00000651      0x1d6 build/default/production/_ext/1865521619/plib_port.o
 .debug_abbrev  0x00000827      0x46f build/default/production/_ext/504274921/plib_sercom2_usart.o
 .debug_abbrev  0x00000c96       0xe9 build/default/production/_ext/1171490990/initialization.o
 .debug_abbrev  0x00000d7f       0xb5 build/default/production/_ext/1171490990/interrupts.o
 .debug_abbrev  0x00000e34      0x110 build/default/production/_ext/1171490990/startup_xc32.o
 .debug_abbrev  0x00000f44       0x3e build/default/production/_ext/1171490990/exceptions.o
 .debug_abbrev  0x00000f82      0x1de build/default/production/_ext/1819190275/rnbd_example.o
 .debug_abbrev  0x00001160      0x298 build/default/production/_ext/1018957768/rnbd.o
 .debug_abbrev  0x000013f8      0x31b build/default/production/_ext/1018957768/rnbd_interface.o
 .debug_abbrev  0x00001713       0x5e build/default/production/_ext/729289533/non_secure_entry.o
 .debug_abbrev  0x00001771       0x53 build/default/production/_ext/1903470166/nonsecure_entry.o
 .debug_abbrev  0x000017c4      0x117 build/default/production/_ext/1360937237/main.o
 .debug_abbrev  0x000018db       0x2e c:/program files/microchip/xc32/v4.21/bin/bin/../../lib/gcc/pic32c/8.3.1/../../../../pic32c/lib/thumb/v8-m.base/nofp\libpic32c.a(data_init_wrapper.o)
 .debug_abbrev  0x00001909       0x2e c:/program files/microchip/xc32/v4.21/bin/bin/../../lib/gcc/pic32c/8.3.1/../../../../pic32c/lib/thumb/v8-m.base/nofp\libpic32c.a(data_init_0_1.o)
 .debug_abbrev  0x00001937      0x117 c:/program files/microchip/xc32/v4.21/bin/bin/../../lib/gcc/pic32c/8.3.1/../../../../pic32c/lib/thumb/v8-m.base/nofp\libc-musl.a(__libc_start_main.o)
 .debug_abbrev  0x00001a4e       0xb8 c:/program files/microchip/xc32/v4.21/bin/bin/../../lib/gcc/pic32c/8.3.1/../../../../pic32c/lib/thumb/v8-m.base/nofp\libc-musl.a(libc.o)
 .debug_abbrev  0x00001b06       0x97 c:/program files/microchip/xc32/v4.21/bin/bin/../../lib/gcc/pic32c/8.3.1/../../../../pic32c/lib/thumb/v8-m.base/nofp\libc-musl.a(strstr.o)
 .debug_abbrev  0x00001b9d       0x57 c:/program files/microchip/xc32/v4.21/bin/bin/../../lib/gcc/pic32c/8.3.1/../../../../pic32c/lib/thumb/v8-m.base/nofp\libc-musl.a(__environ.o)
 .debug_abbrev  0x00001bf4       0x14 c:/program files/microchip/xc32/v4.21/bin/bin/../../lib/gcc/pic32c/8.3.1/thumb/v8-m.base/nofp\libgcc.a(cmse_nonsecure_call.o)

.debug_loc      0x00000000     0x257a
 .debug_loc     0x00000000       0x20 build/default/production/_ext/1984496892/plib_clock.o
 .debug_loc     0x00000020      0x13e build/default/production/_ext/1865468468/plib_nvic.o
 .debug_loc     0x0000015e      0x64d build/default/production/_ext/1593096446/plib_nvmctrl.o
 .debug_loc     0x000007ab       0x63 build/default/production/_ext/829342769/plib_pm.o
 .debug_loc     0x0000080e      0x226 build/default/production/_ext/1865521619/plib_port.o
 .debug_loc     0x00000a34      0xe8d build/default/production/_ext/504274921/plib_sercom2_usart.o
 .debug_loc     0x000018c1       0x45 build/default/production/_ext/1171490990/initialization.o
 .debug_loc     0x00001906       0x20 build/default/production/_ext/1171490990/startup_xc32.o
 .debug_loc     0x00001926       0x93 build/default/production/_ext/1819190275/rnbd_example.o
 .debug_loc     0x000019b9      0x736 build/default/production/_ext/1018957768/rnbd.o
 .debug_loc     0x000020ef      0x2d4 build/default/production/_ext/1018957768/rnbd_interface.o
 .debug_loc     0x000023c3       0x20 build/default/production/_ext/729289533/non_secure_entry.o
 .debug_loc     0x000023e3       0x4a build/default/production/_ext/1903470166/nonsecure_entry.o
 .debug_loc     0x0000242d       0x56 build/default/production/_ext/1360937237/main.o
 .debug_loc     0x00002483       0x14 c:/program files/microchip/xc32/v4.21/bin/bin/../../lib/gcc/pic32c/8.3.1/../../../../pic32c/lib/thumb/v8-m.base/nofp\libpic32c.a(data_init_wrapper.o)
 .debug_loc     0x00002497       0x14 c:/program files/microchip/xc32/v4.21/bin/bin/../../lib/gcc/pic32c/8.3.1/../../../../pic32c/lib/thumb/v8-m.base/nofp\libpic32c.a(data_init_0_1.o)
 .debug_loc     0x000024ab       0x5e c:/program files/microchip/xc32/v4.21/bin/bin/../../lib/gcc/pic32c/8.3.1/../../../../pic32c/lib/thumb/v8-m.base/nofp\libc-musl.a(__libc_start_main.o)
 .debug_loc     0x00002509       0x71 c:/program files/microchip/xc32/v4.21/bin/bin/../../lib/gcc/pic32c/8.3.1/../../../../pic32c/lib/thumb/v8-m.base/nofp\libc-musl.a(strstr.o)

.debug_aranges  0x00000000      0x5b8
 .debug_aranges
                0x00000000       0x20 build/default/production/_ext/1984496892/plib_clock.o
 .debug_aranges
                0x00000020       0x20 build/default/production/_ext/1986646378/plib_evsys.o
 .debug_aranges
                0x00000040       0x38 build/default/production/_ext/1865468468/plib_nvic.o
 .debug_aranges
                0x00000078       0xb0 build/default/production/_ext/1593096446/plib_nvmctrl.o
 .debug_aranges
                0x00000128       0x40 build/default/production/_ext/829342769/plib_pm.o
 .debug_aranges
                0x00000168       0x70 build/default/production/_ext/1865521619/plib_port.o
 .debug_aranges
                0x000001d8       0xc0 build/default/production/_ext/504274921/plib_sercom2_usart.o
 .debug_aranges
                0x00000298       0x20 build/default/production/_ext/1171490990/initialization.o
 .debug_aranges
                0x000002b8       0x20 build/default/production/_ext/1171490990/interrupts.o
 .debug_aranges
                0x000002d8       0x28 build/default/production/_ext/1171490990/startup_xc32.o
 .debug_aranges
                0x00000300       0x48 build/default/production/_ext/1171490990/exceptions.o
 .debug_aranges
                0x00000348       0x20 build/default/production/_ext/1819190275/rnbd_example.o
 .debug_aranges
                0x00000368       0x88 build/default/production/_ext/1018957768/rnbd.o
 .debug_aranges
                0x000003f0       0x90 build/default/production/_ext/1018957768/rnbd_interface.o
 .debug_aranges
                0x00000480       0x20 build/default/production/_ext/729289533/non_secure_entry.o
 .debug_aranges
                0x000004a0       0x20 build/default/production/_ext/1903470166/nonsecure_entry.o
 .debug_aranges
                0x000004c0       0x20 build/default/production/_ext/1360937237/main.o
 .debug_aranges
                0x000004e0       0x20 c:/program files/microchip/xc32/v4.21/bin/bin/../../lib/gcc/pic32c/8.3.1/../../../../pic32c/lib/thumb/v8-m.base/nofp\libpic32c.a(data_init_wrapper.o)
 .debug_aranges
                0x00000500       0x20 c:/program files/microchip/xc32/v4.21/bin/bin/../../lib/gcc/pic32c/8.3.1/../../../../pic32c/lib/thumb/v8-m.base/nofp\libpic32c.a(data_init_0_1.o)
 .debug_aranges
                0x00000520       0x28 c:/program files/microchip/xc32/v4.21/bin/bin/../../lib/gcc/pic32c/8.3.1/../../../../pic32c/lib/thumb/v8-m.base/nofp\libc-musl.a(__libc_start_main.o)
 .debug_aranges
                0x00000548       0x18 c:/program files/microchip/xc32/v4.21/bin/bin/../../lib/gcc/pic32c/8.3.1/../../../../pic32c/lib/thumb/v8-m.base/nofp\libc-musl.a(libc.o)
 .debug_aranges
                0x00000560       0x20 c:/program files/microchip/xc32/v4.21/bin/bin/../../lib/gcc/pic32c/8.3.1/../../../../pic32c/lib/thumb/v8-m.base/nofp\libc-musl.a(strstr.o)
 .debug_aranges
                0x00000580       0x18 c:/program files/microchip/xc32/v4.21/bin/bin/../../lib/gcc/pic32c/8.3.1/../../../../pic32c/lib/thumb/v8-m.base/nofp\libc-musl.a(__environ.o)
 .debug_aranges
                0x00000598       0x20 c:/program files/microchip/xc32/v4.21/bin/bin/../../lib/gcc/pic32c/8.3.1/thumb/v8-m.base/nofp\libgcc.a(cmse_nonsecure_call.o)

.debug_ranges   0x00000000      0x5a8
 .debug_ranges  0x00000000       0x10 build/default/production/_ext/1984496892/plib_clock.o
 .debug_ranges  0x00000010       0x10 build/default/production/_ext/1986646378/plib_evsys.o
 .debug_ranges  0x00000020       0x28 build/default/production/_ext/1865468468/plib_nvic.o
 .debug_ranges  0x00000048       0xa0 build/default/production/_ext/1593096446/plib_nvmctrl.o
 .debug_ranges  0x000000e8       0x30 build/default/production/_ext/829342769/plib_pm.o
 .debug_ranges  0x00000118       0x60 build/default/production/_ext/1865521619/plib_port.o
 .debug_ranges  0x00000178      0x1f0 build/default/production/_ext/504274921/plib_sercom2_usart.o
 .debug_ranges  0x00000368       0x10 build/default/production/_ext/1171490990/initialization.o
 .debug_ranges  0x00000378       0x10 build/default/production/_ext/1171490990/interrupts.o
 .debug_ranges  0x00000388       0x18 build/default/production/_ext/1171490990/startup_xc32.o
 .debug_ranges  0x000003a0       0x38 build/default/production/_ext/1171490990/exceptions.o
 .debug_ranges  0x000003d8       0x28 build/default/production/_ext/1819190275/rnbd_example.o
 .debug_ranges  0x00000400       0x90 build/default/production/_ext/1018957768/rnbd.o
 .debug_ranges  0x00000490       0x80 build/default/production/_ext/1018957768/rnbd_interface.o
 .debug_ranges  0x00000510       0x10 build/default/production/_ext/729289533/non_secure_entry.o
 .debug_ranges  0x00000520       0x10 build/default/production/_ext/1903470166/nonsecure_entry.o
 .debug_ranges  0x00000530       0x10 build/default/production/_ext/1360937237/main.o
 .debug_ranges  0x00000540       0x10 c:/program files/microchip/xc32/v4.21/bin/bin/../../lib/gcc/pic32c/8.3.1/../../../../pic32c/lib/thumb/v8-m.base/nofp\libpic32c.a(data_init_wrapper.o)
 .debug_ranges  0x00000550       0x10 c:/program files/microchip/xc32/v4.21/bin/bin/../../lib/gcc/pic32c/8.3.1/../../../../pic32c/lib/thumb/v8-m.base/nofp\libpic32c.a(data_init_0_1.o)
 .debug_ranges  0x00000560       0x38 c:/program files/microchip/xc32/v4.21/bin/bin/../../lib/gcc/pic32c/8.3.1/../../../../pic32c/lib/thumb/v8-m.base/nofp\libc-musl.a(__libc_start_main.o)
 .debug_ranges  0x00000598       0x10 c:/program files/microchip/xc32/v4.21/bin/bin/../../lib/gcc/pic32c/8.3.1/../../../../pic32c/lib/thumb/v8-m.base/nofp\libc-musl.a(strstr.o)

.debug_line     0x00000000     0x3543
 .debug_line    0x00000000      0x1f8 build/default/production/_ext/1984496892/plib_clock.o
 .debug_line    0x000001f8       0x66 build/default/production/_ext/1986646378/plib_evsys.o
 .debug_line    0x0000025e      0x376 build/default/production/_ext/1865468468/plib_nvic.o
 .debug_line    0x000005d4      0x49a build/default/production/_ext/1593096446/plib_nvmctrl.o
 .debug_line    0x00000a6e      0x234 build/default/production/_ext/829342769/plib_pm.o
 .debug_line    0x00000ca2      0x2c0 build/default/production/_ext/1865521619/plib_port.o
 .debug_line    0x00000f62      0xc1c build/default/production/_ext/504274921/plib_sercom2_usart.o
 .debug_line    0x00001b7e      0x283 build/default/production/_ext/1171490990/initialization.o
 .debug_line    0x00001e01       0xba build/default/production/_ext/1171490990/interrupts.o
 .debug_line    0x00001ebb      0x157 build/default/production/_ext/1171490990/startup_xc32.o
 .debug_line    0x00002012       0xc6 build/default/production/_ext/1171490990/exceptions.o
 .debug_line    0x000020d8      0x17d build/default/production/_ext/1819190275/rnbd_example.o
 .debug_line    0x00002255      0x555 build/default/production/_ext/1018957768/rnbd.o
 .debug_line    0x000027aa      0x440 build/default/production/_ext/1018957768/rnbd_interface.o
 .debug_line    0x00002bea       0x86 build/default/production/_ext/729289533/non_secure_entry.o
 .debug_line    0x00002c70       0x5f build/default/production/_ext/1903470166/nonsecure_entry.o
 .debug_line    0x00002ccf      0x14b build/default/production/_ext/1360937237/main.o
 .debug_line    0x00002e1a       0xac c:/program files/microchip/xc32/v4.21/bin/bin/../../lib/gcc/pic32c/8.3.1/../../../../pic32c/lib/thumb/v8-m.base/nofp\libpic32c.a(data_init_wrapper.o)
 .debug_line    0x00002ec6      0x119 c:/program files/microchip/xc32/v4.21/bin/bin/../../lib/gcc/pic32c/8.3.1/../../../../pic32c/lib/thumb/v8-m.base/nofp\libpic32c.a(data_init_0_1.o)
 .debug_line    0x00002fdf      0x1cd c:/program files/microchip/xc32/v4.21/bin/bin/../../lib/gcc/pic32c/8.3.1/../../../../pic32c/lib/thumb/v8-m.base/nofp\libc-musl.a(__libc_start_main.o)
 .debug_line    0x000031ac       0xbc c:/program files/microchip/xc32/v4.21/bin/bin/../../lib/gcc/pic32c/8.3.1/../../../../pic32c/lib/thumb/v8-m.base/nofp\libc-musl.a(libc.o)
 .debug_line    0x00003268      0x119 c:/program files/microchip/xc32/v4.21/bin/bin/../../lib/gcc/pic32c/8.3.1/../../../../pic32c/lib/thumb/v8-m.base/nofp\libc-musl.a(strstr.o)
 .debug_line    0x00003381      0x109 c:/program files/microchip/xc32/v4.21/bin/bin/../../lib/gcc/pic32c/8.3.1/../../../../pic32c/lib/thumb/v8-m.base/nofp\libc-musl.a(__environ.o)
 .debug_line    0x0000348a       0xb9 c:/program files/microchip/xc32/v4.21/bin/bin/../../lib/gcc/pic32c/8.3.1/thumb/v8-m.base/nofp\libgcc.a(cmse_nonsecure_call.o)

.debug_str      0x00000000      0x4d5
 .debug_str     0x00000000       0x1e build/default/production/_ext/1984496892/plib_clock.o
 .debug_str     0x0000001e        0x0 build/default/production/_ext/1986646378/plib_evsys.o
 .debug_str     0x0000001e        0x0 build/default/production/_ext/1865468468/plib_nvic.o
 .debug_str     0x0000001e       0x1f build/default/production/_ext/1593096446/plib_nvmctrl.o
 .debug_str     0x0000003d        0x0 build/default/production/_ext/829342769/plib_pm.o
 .debug_str     0x0000003d        0xb build/default/production/_ext/1865521619/plib_port.o
 .debug_str     0x00000048      0x1f2 build/default/production/_ext/504274921/plib_sercom2_usart.o
 .debug_str     0x0000023a       0x7c build/default/production/_ext/1171490990/initialization.o
 .debug_str     0x000002b6        0x0 build/default/production/_ext/1171490990/interrupts.o
 .debug_str     0x000002b6       0x2f build/default/production/_ext/1171490990/startup_xc32.o
 .debug_str     0x000002e5        0x0 build/default/production/_ext/1171490990/exceptions.o
 .debug_str     0x000002e5       0x59 build/default/production/_ext/1819190275/rnbd_example.o
 .debug_str     0x0000033e        0x0 build/default/production/_ext/1018957768/rnbd.o
 .debug_str     0x0000033e       0x5e build/default/production/_ext/1018957768/rnbd_interface.o
 .debug_str     0x0000039c       0x19 build/default/production/_ext/729289533/non_secure_entry.o
 .debug_str     0x000003b5        0x0 build/default/production/_ext/1903470166/nonsecure_entry.o
 .debug_str     0x000003b5       0x28 build/default/production/_ext/1360937237/main.o
 .debug_str     0x000003dd        0x0 c:/program files/microchip/xc32/v4.21/bin/bin/../../lib/gcc/pic32c/8.3.1/../../../../pic32c/lib/thumb/v8-m.base/nofp\libpic32c.a(data_init_wrapper.o)
 .debug_str     0x000003dd        0x0 c:/program files/microchip/xc32/v4.21/bin/bin/../../lib/gcc/pic32c/8.3.1/../../../../pic32c/lib/thumb/v8-m.base/nofp\libpic32c.a(data_init_0_1.o)
 .debug_str     0x000003dd        0x0 c:/program files/microchip/xc32/v4.21/bin/bin/../../lib/gcc/pic32c/8.3.1/../../../../pic32c/lib/thumb/v8-m.base/nofp\libc-musl.a(__libc_start_main.o)
 .debug_str     0x000003dd        0x0 c:/program files/microchip/xc32/v4.21/bin/bin/../../lib/gcc/pic32c/8.3.1/../../../../pic32c/lib/thumb/v8-m.base/nofp\libc-musl.a(libc.o)
 .debug_str     0x000003dd        0x0 c:/program files/microchip/xc32/v4.21/bin/bin/../../lib/gcc/pic32c/8.3.1/../../../../pic32c/lib/thumb/v8-m.base/nofp\libc-musl.a(strstr.o)
 .debug_str     0x000003dd        0x0 c:/program files/microchip/xc32/v4.21/bin/bin/../../lib/gcc/pic32c/8.3.1/../../../../pic32c/lib/thumb/v8-m.base/nofp\libc-musl.a(__environ.o)
 .debug_str     0x000003dd       0xf8 c:/program files/microchip/xc32/v4.21/bin/bin/../../lib/gcc/pic32c/8.3.1/thumb/v8-m.base/nofp\libgcc.a(cmse_nonsecure_call.o)

.debug_frame    0x00000000      0xa50
 .debug_frame   0x00000000       0x20 build/default/production/_ext/1984496892/plib_clock.o
 .debug_frame   0x00000020       0x20 build/default/production/_ext/1986646378/plib_evsys.o
 .debug_frame   0x00000040       0x50 build/default/production/_ext/1865468468/plib_nvic.o
 .debug_frame   0x00000090      0x17c build/default/production/_ext/1593096446/plib_nvmctrl.o
 .debug_frame   0x0000020c       0x60 build/default/production/_ext/829342769/plib_pm.o
 .debug_frame   0x0000026c       0xcc build/default/production/_ext/1865521619/plib_port.o
 .debug_frame   0x00000338      0x1e0 build/default/production/_ext/504274921/plib_sercom2_usart.o
 .debug_frame   0x00000518       0x28 build/default/production/_ext/1171490990/initialization.o
 .debug_frame   0x00000540       0x20 build/default/production/_ext/1171490990/interrupts.o
 .debug_frame   0x00000560       0x38 build/default/production/_ext/1171490990/startup_xc32.o
 .debug_frame   0x00000598       0x70 build/default/production/_ext/1171490990/exceptions.o
 .debug_frame   0x00000608       0x34 build/default/production/_ext/1819190275/rnbd_example.o
 .debug_frame   0x0000063c      0x19c build/default/production/_ext/1018957768/rnbd.o
 .debug_frame   0x000007d8      0x148 build/default/production/_ext/1018957768/rnbd_interface.o
 .debug_frame   0x00000920       0x28 build/default/production/_ext/729289533/non_secure_entry.o
 .debug_frame   0x00000948       0x20 build/default/production/_ext/1903470166/nonsecure_entry.o
 .debug_frame   0x00000968       0x2c build/default/production/_ext/1360937237/main.o
 .debug_frame   0x00000994       0x28 c:/program files/microchip/xc32/v4.21/bin/bin/../../lib/gcc/pic32c/8.3.1/../../../../pic32c/lib/thumb/v8-m.base/nofp\libpic32c.a(data_init_wrapper.o)
 .debug_frame   0x000009bc       0x30 c:/program files/microchip/xc32/v4.21/bin/bin/../../lib/gcc/pic32c/8.3.1/../../../../pic32c/lib/thumb/v8-m.base/nofp\libpic32c.a(data_init_0_1.o)
 .debug_frame   0x000009ec       0x38 c:/program files/microchip/xc32/v4.21/bin/bin/../../lib/gcc/pic32c/8.3.1/../../../../pic32c/lib/thumb/v8-m.base/nofp\libc-musl.a(__libc_start_main.o)
 .debug_frame   0x00000a24       0x2c c:/program files/microchip/xc32/v4.21/bin/bin/../../lib/gcc/pic32c/8.3.1/../../../../pic32c/lib/thumb/v8-m.base/nofp\libc-musl.a(strstr.o)

.note.GNU-stack
                0x00000000        0x0
 .note.GNU-stack
                0x00000000        0x0 c:/program files/microchip/xc32/v4.21/bin/bin/../../lib/gcc/pic32c/8.3.1/../../../../pic32c/lib/thumb/v8-m.base/nofp\libc-musl.a(__libc_start_main.o)
 .note.GNU-stack
                0x00000000        0x0 c:/program files/microchip/xc32/v4.21/bin/bin/../../lib/gcc/pic32c/8.3.1/../../../../pic32c/lib/thumb/v8-m.base/nofp\libc-musl.a(libc.o)
 .note.GNU-stack
                0x00000000        0x0 c:/program files/microchip/xc32/v4.21/bin/bin/../../lib/gcc/pic32c/8.3.1/../../../../pic32c/lib/thumb/v8-m.base/nofp\libc-musl.a(strstr.o)
 .note.GNU-stack
                0x00000000        0x0 c:/program files/microchip/xc32/v4.21/bin/bin/../../lib/gcc/pic32c/8.3.1/../../../../pic32c/lib/thumb/v8-m.base/nofp\libc-musl.a(__environ.o)

.stack          0x20000430      0x100
 .stack         0x20000430      0x100 stack

.bss.SERCOM2_USART_ReadBuffer%1
                0x20000000       0x80
 .bss.SERCOM2_USART_ReadBuffer
                0x20000000       0x80 build/default/production/_ext/504274921/plib_sercom2_usart.o

.bss.SERCOM2_USART_WriteBuffer%2
                0x20000080       0x80
 .bss.SERCOM2_USART_WriteBuffer
                0x20000080       0x80 build/default/production/_ext/504274921/plib_sercom2_usart.o

.bss.statusBuffer%3
                0x20000100       0x50
 .bss.statusBuffer
                0x20000100       0x50 build/default/production/_ext/1819190275/rnbd_example.o

.bss%4          0x20000150       0x50
 .bss           0x20000150       0x50 c:/program files/microchip/xc32/v4.21/bin/bin/../../lib/gcc/pic32c/8.3.1/../../../../pic32c/lib/thumb/v8-m.base/nofp\libc-musl.a(libc.o)
                0x20000150                __progname_full
                0x20000150                program_invocation_name
                0x20000154                program_invocation_short_name
                0x20000154                __progname
                0x20000158                __sysinfo
                0x2000015c                __hwcap
                0x20000160                __libc

.bss.sercom2USARTObj%5
                0x200001a0       0x40
 .bss.sercom2USARTObj
                0x200001a0       0x40 build/default/production/_ext/504274921/plib_sercom2_usart.o

.bss%6          0x200001e0       0x1c
 .bss           0x200001e0       0x1c c:/program files/microchip/xc32/v4.21/bin/bin/../../lib/gcc/pic32c/8.3.1/thumb/v8-m.base/nofp/crtbegin.o

.bss.asyncBuffer%7
                0x200001fc        0x4
 .bss.asyncBuffer
                0x200001fc        0x4 build/default/production/_ext/1018957768/rnbd.o

.bss.pHead%8    0x20000200        0x4
 .bss.pHead     0x20000200        0x4 build/default/production/_ext/1018957768/rnbd.o

.bss%9          0x20000204        0x8
 .bss           0x20000204        0x4 c:/program files/microchip/xc32/v4.21/bin/bin/../../lib/gcc/pic32c/8.3.1/../../../../pic32c/lib/thumb/v8-m.base/nofp\libpic32c.a(data_init_0_1.o)
 .bss           0x20000208        0x4 c:/program files/microchip/xc32/v4.21/bin/bin/../../lib/gcc/pic32c/8.3.1/../../../../pic32c/lib/thumb/v8-m.base/nofp\libc-musl.a(__environ.o)
                0x20000208                __environ
                0x20000208                environ
                0x20000208                ___environ
                0x20000208                _environ

.bss.readbuffer%11
                0x2000020c        0x1
 .bss.readbuffer
                0x2000020c        0x1 build/default/production/_ext/1018957768/rnbd_interface.o

.bss.periodicCounter.4439%12
                0x2000020e        0x2
 .bss.periodicCounter.4439
                0x2000020e        0x2 build/default/production/_ext/1819190275/rnbd_example.o

.bss.readData%13
                0x2000020d        0x1
 .bss.readData  0x2000020d        0x1 build/default/production/_ext/1819190275/rnbd_example.o

.bss.asyncBufferSize%14
                0x20000210        0x1
 .bss.asyncBufferSize
                0x20000210        0x1 build/default/production/_ext/1018957768/rnbd.o

.bss.asyncBuffering.7220%15
                0x20000211        0x1
 .bss.asyncBuffering.7220
                0x20000211        0x1 build/default/production/_ext/1018957768/rnbd.o

.bss.dataReady%16
                0x20000212        0x1
 .bss.dataReady
                0x20000212        0x1 build/default/production/_ext/1018957768/rnbd.o

.bss.peek%17    0x20000213        0x1
 .bss.peek      0x20000213        0x1 build/default/production/_ext/1018957768/rnbd.o

.bss.OTAComplete%18
                0x20000214        0x1
 .bss.OTAComplete
                0x20000214        0x1 build/default/production/_ext/1018957768/rnbd_interface.o

.bss.connected%19
                0x20000215        0x1
 .bss.connected
                0x20000215        0x1 build/default/production/_ext/1018957768/rnbd_interface.o

.eh_frame%z1    0x00000000        0x0
 .eh_frame      0x00000000        0x0 c:/program files/microchip/xc32/v4.21/bin/bin/../../lib/gcc/pic32c/8.3.1/thumb/v8-m.base/nofp/crtbegin.o

.config_00804000.__config_00804000%20
                0x00804000        0x4
 .config_00804000.__config_00804000
                0x00804000        0x4 build/default/production/_ext/1171490990/initialization.o
                0x00804000                __config_00804000

.config_00804004.__config_00804004%21
                0x00804004        0x4
 .config_00804004.__config_00804004
                0x00804004        0x4 build/default/production/_ext/1171490990/initialization.o
                0x00804004                __config_00804004

.config_00804008.__config_00804008%22
                0x00804008        0x4
 .config_00804008.__config_00804008
                0x00804008        0x4 build/default/production/_ext/1171490990/initialization.o
                0x00804008                __config_00804008

.config_0080400C.__config_0080400C%23
                0x0080400c        0x4
 .config_0080400C.__config_0080400C
                0x0080400c        0x4 build/default/production/_ext/1171490990/initialization.o
                0x0080400c                __config_0080400C

.config_00804010.__config_00804010%24
                0x00804010        0x4
 .config_00804010.__config_00804010
                0x00804010        0x4 build/default/production/_ext/1171490990/initialization.o
                0x00804010                __config_00804010

.config_00804014.__config_00804014%25
                0x00804014        0x4
 .config_00804014.__config_00804014
                0x00804014        0x4 build/default/production/_ext/1171490990/initialization.o
                0x00804014                __config_00804014

.config_00804018.__config_00804018%26
                0x00804018        0x4
 .config_00804018.__config_00804018
                0x00804018        0x4 build/default/production/_ext/1171490990/initialization.o
                0x00804018                __config_00804018

.config_0080401C.__config_0080401C%27
                0x0080401c        0x4
 .config_0080401C.__config_0080401C
                0x0080401c        0x4 build/default/production/_ext/1171490990/initialization.o
                0x0080401c                __config_0080401C

.config_00804020.__config_00804020%28
                0x00804020        0x4
 .config_00804020.__config_00804020
                0x00804020        0x4 build/default/production/_ext/1171490990/initialization.o
                0x00804020                __config_00804020

.config_0080C000.__config_0080C000%29
                0x0080c000        0x4
 .config_0080C000.__config_0080C000
                0x0080c000        0x4 build/default/production/_ext/1171490990/initialization.o
                0x0080c000                __config_0080C000

.config_0080C004.__config_0080C004%30
                0x0080c004        0x4
 .config_0080C004.__config_0080C004
                0x0080c004        0x4 build/default/production/_ext/1171490990/initialization.o
                0x0080c004                __config_0080C004

.config_0080C008.__config_0080C008%31
                0x0080c008        0x4
 .config_0080C008.__config_0080C008
                0x0080c008        0x4 build/default/production/_ext/1171490990/initialization.o
                0x0080c008                __config_0080C008

.config_0080C010.__config_0080C010%32
                0x0080c010        0x4
 .config_0080C010.__config_0080C010
                0x0080c010        0x4 build/default/production/_ext/1171490990/initialization.o
                0x0080c010                __config_0080C010

.config_0080C014.__config_0080C014%33
                0x0080c014        0x4
 .config_0080C014.__config_0080C014
                0x0080c014        0x4 build/default/production/_ext/1171490990/initialization.o
                0x0080c014                __config_0080C014

.config_0080C018.__config_0080C018%34
                0x0080c018        0x4
 .config_0080C018.__config_0080C018
                0x0080c018        0x4 build/default/production/_ext/1171490990/initialization.o
                0x0080c018                __config_0080C018

.config_0080C01C.__config_0080C01C%35
                0x0080c01c        0x4
 .config_0080C01C.__config_0080C01C
                0x0080c01c        0x4 build/default/production/_ext/1171490990/initialization.o
                0x0080c01c                __config_0080C01C

.config_0080C020.__config_0080C020%36
                0x0080c020        0x4
 .config_0080C020.__config_0080C020
                0x0080c020        0x4 build/default/production/_ext/1171490990/initialization.o
                0x0080c020                __config_0080C020

.config_0080C024.__config_0080C024%37
                0x0080c024        0x4
 .config_0080C024.__config_0080C024
                0x0080c024        0x4 build/default/production/_ext/1171490990/initialization.o
                0x0080c024                __config_0080C024

.config_0080C028.__config_0080C028%38
                0x0080c028        0x4
 .config_0080C028.__config_0080C028
                0x0080c028        0x4 build/default/production/_ext/1171490990/initialization.o
                0x0080c028                __config_0080C028

.config_0080C02C.__config_0080C02C%39
                0x0080c02c        0x4
 .config_0080C02C.__config_0080C02C
                0x0080c02c        0x4 build/default/production/_ext/1171490990/initialization.o
                0x0080c02c                __config_0080C02C

.config_0080C030.__config_0080C030%40
                0x0080c030        0x4
 .config_0080C030.__config_0080C030
                0x0080c030        0x4 build/default/production/_ext/1171490990/initialization.o
                0x0080c030                __config_0080C030

.config_0080C034.__config_0080C034%41
                0x0080c034        0x4
 .config_0080C034.__config_0080C034
                0x0080c034        0x4 build/default/production/_ext/1171490990/initialization.o
                0x0080c034                __config_0080C034

.config_0080C038.__config_0080C038%42
                0x0080c038        0x4
 .config_0080C038.__config_0080C038
                0x0080c038        0x4 build/default/production/_ext/1171490990/initialization.o
                0x0080c038                __config_0080C038

.config_0080C03C.__config_0080C03C%43
                0x0080c03c        0x4
 .config_0080C03C.__config_0080C03C
                0x0080c03c        0x4 build/default/production/_ext/1171490990/initialization.o
                0x0080c03c                __config_0080C03C

.config_0080C040.__config_0080C040%44
                0x0080c040        0x4
 .config_0080C040.__config_0080C040
                0x0080c040        0x4 build/default/production/_ext/1171490990/initialization.o
                0x0080c040                __config_0080C040

.config_0080C044.__config_0080C044%45
                0x0080c044        0x4
 .config_0080C044.__config_0080C044
                0x0080c044        0x4 build/default/production/_ext/1171490990/initialization.o
                0x0080c044                __config_0080C044

.config_0080C048.__config_0080C048%46
                0x0080c048        0x4
 .config_0080C048.__config_0080C048
                0x0080c048        0x4 build/default/production/_ext/1171490990/initialization.o
                0x0080c048                __config_0080C048

.config_0080C04C.__config_0080C04C%47
                0x0080c04c        0x4
 .config_0080C04C.__config_0080C04C
                0x0080c04c        0x4 build/default/production/_ext/1171490990/initialization.o
                0x0080c04c                __config_0080C04C

.config_0080C050.__config_0080C050%48
                0x0080c050        0x4
 .config_0080C050.__config_0080C050
                0x0080c050        0x4 build/default/production/_ext/1171490990/initialization.o
                0x0080c050                __config_0080C050

.config_0080C054.__config_0080C054%49
                0x0080c054        0x4
 .config_0080C054.__config_0080C054
                0x0080c054        0x4 build/default/production/_ext/1171490990/initialization.o
                0x0080c054                __config_0080C054

.config_0080C058.__config_0080C058%50
                0x0080c058        0x4
 .config_0080C058.__config_0080C058
                0x0080c058        0x4 build/default/production/_ext/1171490990/initialization.o
                0x0080c058                __config_0080C058

.config_0080C05C.__config_0080C05C%51
                0x0080c05c        0x4
 .config_0080C05C.__config_0080C05C
                0x0080c05c        0x4 build/default/production/_ext/1171490990/initialization.o
                0x0080c05c                __config_0080C05C

.config_0080C060.__config_0080C060%52
                0x0080c060        0x4
 .config_0080C060.__config_0080C060
                0x0080c060        0x4 build/default/production/_ext/1171490990/initialization.o
                0x0080c060                __config_0080C060

.config_0080C064.__config_0080C064%53
                0x0080c064        0x4
 .config_0080C064.__config_0080C064
                0x0080c064        0x4 build/default/production/_ext/1171490990/initialization.o
                0x0080c064                __config_0080C064

.config_0080C068.__config_0080C068%54
                0x0080c068        0x4
 .config_0080C068.__config_0080C068
                0x0080c068        0x4 build/default/production/_ext/1171490990/initialization.o
                0x0080c068                __config_0080C068

.config_0080C06C.__config_0080C06C%55
                0x0080c06c        0x4
 .config_0080C06C.__config_0080C06C
                0x0080c06c        0x4 build/default/production/_ext/1171490990/initialization.o
                0x0080c06c                __config_0080C06C

.config_0080C070.__config_0080C070%56
                0x0080c070        0x4
 .config_0080C070.__config_0080C070
                0x0080c070        0x4 build/default/production/_ext/1171490990/initialization.o
                0x0080c070                __config_0080C070

.config_0080C074.__config_0080C074%57
                0x0080c074        0x4
 .config_0080C074.__config_0080C074
                0x0080c074        0x4 build/default/production/_ext/1171490990/initialization.o
                0x0080c074                __config_0080C074

.config_0080C078.__config_0080C078%58
                0x0080c078        0x4
 .config_0080C078.__config_0080C078
                0x0080c078        0x4 build/default/production/_ext/1171490990/initialization.o
                0x0080c078                __config_0080C078

.config_0080C07C.__config_0080C07C%59
                0x0080c07c        0x4
 .config_0080C07C.__config_0080C07C
                0x0080c07c        0x4 build/default/production/_ext/1171490990/initialization.o
                0x0080c07c                __config_0080C07C

.config_0080C080.__config_0080C080%60
                0x0080c080        0x4
 .config_0080C080.__config_0080C080
                0x0080c080        0x4 build/default/production/_ext/1171490990/initialization.o
                0x0080c080                __config_0080C080

.config_0080C084.__config_0080C084%61
                0x0080c084        0x4
 .config_0080C084.__config_0080C084
                0x0080c084        0x4 build/default/production/_ext/1171490990/initialization.o
                0x0080c084                __config_0080C084

.config_0080C088.__config_0080C088%62
                0x0080c088        0x4
 .config_0080C088.__config_0080C088
                0x0080c088        0x4 build/default/production/_ext/1171490990/initialization.o
                0x0080c088                __config_0080C088

.config_0080C08C.__config_0080C08C%63
                0x0080c08c        0x4
 .config_0080C08C.__config_0080C08C
                0x0080c08c        0x4 build/default/production/_ext/1171490990/initialization.o
                0x0080c08c                __config_0080C08C

.config_0080C090.__config_0080C090%64
                0x0080c090        0x4
 .config_0080C090.__config_0080C090
                0x0080c090        0x4 build/default/production/_ext/1171490990/initialization.o
                0x0080c090                __config_0080C090

.config_0080C094.__config_0080C094%65
                0x0080c094        0x4
 .config_0080C094.__config_0080C094
                0x0080c094        0x4 build/default/production/_ext/1171490990/initialization.o
                0x0080c094                __config_0080C094

.config_0080C098.__config_0080C098%66
                0x0080c098        0x4
 .config_0080C098.__config_0080C098
                0x0080c098        0x4 build/default/production/_ext/1171490990/initialization.o
                0x0080c098                __config_0080C098

.config_0080C09C.__config_0080C09C%67
                0x0080c09c        0x4
 .config_0080C09C.__config_0080C09C
                0x0080c09c        0x4 build/default/production/_ext/1171490990/initialization.o
                0x0080c09c                __config_0080C09C

.config_0080C0A0.__config_0080C0A0%68
                0x0080c0a0        0x4
 .config_0080C0A0.__config_0080C0A0
                0x0080c0a0        0x4 build/default/production/_ext/1171490990/initialization.o
                0x0080c0a0                __config_0080C0A0

.config_0080C0A4.__config_0080C0A4%69
                0x0080c0a4        0x4
 .config_0080C0A4.__config_0080C0A4
                0x0080c0a4        0x4 build/default/production/_ext/1171490990/initialization.o
                0x0080c0a4                __config_0080C0A4

.config_0080C0A8.__config_0080C0A8%70
                0x0080c0a8        0x4
 .config_0080C0A8.__config_0080C0A8
                0x0080c0a8        0x4 build/default/production/_ext/1171490990/initialization.o
                0x0080c0a8                __config_0080C0A8

.config_0080C0AC.__config_0080C0AC%71
                0x0080c0ac        0x4
 .config_0080C0AC.__config_0080C0AC
                0x0080c0ac        0x4 build/default/production/_ext/1171490990/initialization.o
                0x0080c0ac                __config_0080C0AC

.config_0080C0E0.__config_0080C0E0%72
                0x0080c0e0        0x4
 .config_0080C0E0.__config_0080C0E0
                0x0080c0e0        0x4 build/default/production/_ext/1171490990/initialization.o
                0x0080c0e0                __config_0080C0E0

.config_0080C0E4.__config_0080C0E4%73
                0x0080c0e4        0x4
 .config_0080C0E4.__config_0080C0E4
                0x0080c0e4        0x4 build/default/production/_ext/1171490990/initialization.o
                0x0080c0e4                __config_0080C0E4

.config_0080C0E8.__config_0080C0E8%74
                0x0080c0e8        0x4
 .config_0080C0E8.__config_0080C0E8
                0x0080c0e8        0x4 build/default/production/_ext/1171490990/initialization.o
                0x0080c0e8                __config_0080C0E8

.config_0080C0EC.__config_0080C0EC%75
                0x0080c0ec        0x4
 .config_0080C0EC.__config_0080C0EC
                0x0080c0ec        0x4 build/default/production/_ext/1171490990/initialization.o
                0x0080c0ec                __config_0080C0EC

.config_0080C0F0.__config_0080C0F0%76
                0x0080c0f0        0x4
 .config_0080C0F0.__config_0080C0F0
                0x0080c0f0        0x4 build/default/production/_ext/1171490990/initialization.o
                0x0080c0f0                __config_0080C0F0

.config_0080C0F4.__config_0080C0F4%77
                0x0080c0f4        0x4
 .config_0080C0F4.__config_0080C0F4
                0x0080c0f4        0x4 build/default/production/_ext/1171490990/initialization.o
                0x0080c0f4                __config_0080C0F4

.config_0080C0F8.__config_0080C0F8%78
                0x0080c0f8        0x4
 .config_0080C0F8.__config_0080C0F8
                0x0080c0f8        0x4 build/default/production/_ext/1171490990/initialization.o
                0x0080c0f8                __config_0080C0F8

.config_0080C0FC.__config_0080C0FC%79
                0x0080c0fc        0x4
 .config_0080C0FC.__config_0080C0FC
                0x0080c0fc        0x4 build/default/production/_ext/1171490990/initialization.o
                0x0080c0fc                __config_0080C0FC

.text.SERCOM2_USART_InterruptHandler%80
                0x000002e8      0x290
 .text.SERCOM2_USART_InterruptHandler
                0x000002e8      0x290 build/default/production/_ext/504274921/plib_sercom2_usart.o
                0x000002e8                SERCOM2_USART_InterruptHandler

.text.SERCOM2_USART_Write%81
                0x00000578      0x128
 .text.SERCOM2_USART_Write
                0x00000578      0x128 build/default/production/_ext/504274921/plib_sercom2_usart.o
                0x00000578                SERCOM2_USART_Write

.dinit%82       0x000006a0       0xf0
 .dinit         0x000006a0       0xf0 data_init

.text.RNBD_DataReady%83
                0x00000790       0xe8
 .text.RNBD_DataReady
                0x00000790       0xe8 build/default/production/_ext/1018957768/rnbd.o
                0x00000790                RNBD_DataReady

.text.CLOCK_Initialize%84
                0x00000878       0xc4
 .text.CLOCK_Initialize
                0x00000878       0xc4 build/default/production/_ext/1984496892/plib_clock.o
                0x00000878                CLOCK_Initialize

.text.SERCOM2_USART_Initialize%85
                0x0000093c       0xb8
 .text.SERCOM2_USART_Initialize
                0x0000093c       0xb8 build/default/production/_ext/504274921/plib_sercom2_usart.o
                0x0000093c                SERCOM2_USART_Initialize

.text.SERCOM2_USART_Read%86
                0x000009f4       0xb2
 .text.SERCOM2_USART_Read
                0x000009f4       0xb2 build/default/production/_ext/504274921/plib_sercom2_usart.o
                0x000009f4                SERCOM2_USART_Read

.text.RNBD_MessageHandler%87
                0x00000aa6       0xae
 .text.RNBD_MessageHandler
                0x00000aa6       0xae build/default/production/_ext/1018957768/rnbd_interface.o

.text.RNBD_Example_Initialized%88
                0x00000b54       0x92
 .text.RNBD_Example_Initialized
                0x00000b54       0x92 build/default/production/_ext/1819190275/rnbd_example.o
                0x00000b54                RNBD_Example_Initialized

.text.__pic32c_data_initialization_impl%89
                0x00000be8       0x70
 .text.__pic32c_data_initialization_impl
                0x00000be8       0x70 c:/program files/microchip/xc32/v4.21/bin/bin/../../lib/gcc/pic32c/8.3.1/../../../../pic32c/lib/thumb/v8-m.base/nofp\libpic32c.a(data_init_0_1.o)
                0x00000be8                __copy_needed
                0x00000be8                __pic32c_data_initialization_impl

.text.NVIC_Initialize%90
                0x00000c58       0x6c
 .text.NVIC_Initialize
                0x00000c58       0x6c build/default/production/_ext/1865468468/plib_nvic.o
                0x00000c58                NVIC_Initialize

.text.__libc_start_init%91
                0x00000cc4       0x5c
 .text.__libc_start_init
                0x00000cc4       0x5c c:/program files/microchip/xc32/v4.21/bin/bin/../../lib/gcc/pic32c/8.3.1/../../../../pic32c/lib/thumb/v8-m.base/nofp\libc-musl.a(__libc_start_main.o)
                0x00000cc4                __libc_init_array

.text.Reset_Handler%92
                0x00000d20       0x54
 .text.Reset_Handler
                0x00000d20       0x54 build/default/production/_ext/1171490990/startup_xc32.o
                0x00000d20                Reset_Handler

.text%93        0x00000d74       0x40
 .text          0x00000d74       0x40 c:/program files/microchip/xc32/v4.21/bin/bin/../../lib/gcc/pic32c/8.3.1/thumb/v8-m.base/nofp/crtbegin.o

.text.PM_Initialize%94
                0x00000db4       0x3a
 .text.PM_Initialize
                0x00000db4       0x3a build/default/production/_ext/829342769/plib_pm.o
                0x00000db4                PM_Initialize

.text.main%95   0x00000dee       0x3a
 .text.main     0x00000dee       0x3a build/default/production/_ext/1360937237/main.o
                0x00000dee                main

.text.PORT_Initialize%96
                0x00000e28       0x32
 .text.PORT_Initialize
                0x00000e28       0x32 build/default/production/_ext/1865521619/plib_port.o
                0x00000e28                PORT_Initialize

.text%97        0x00000e5a       0x32
 .text          0x00000e5a       0x32 c:/program files/microchip/xc32/v4.21/bin/bin/../../lib/gcc/pic32c/8.3.1/thumb/v8-m.base/nofp\libgcc.a(cmse_nonsecure_call.o)
                0x00000e5a                __gnu_cmse_nonsecure_call

.text.SYS_Initialize%98
                0x00000e8c       0x2c
 .text.SYS_Initialize
                0x00000e8c       0x2c build/default/production/_ext/1171490990/initialization.o
                0x00000e8c                SYS_Initialize

.text.strstr%99
                0x00000eb8       0x2a
 .text.strstr   0x00000eb8       0x2a c:/program files/microchip/xc32/v4.21/bin/bin/../../lib/gcc/pic32c/8.3.1/../../../../pic32c/lib/thumb/v8-m.base/nofp\libc-musl.a(strstr.o)
                0x00000eb8                strstr

.text.RNBD_SetAsyncMessageHandler%100
                0x00000ee2       0x28
 .text.RNBD_SetAsyncMessageHandler
                0x00000ee2       0x28 build/default/production/_ext/1018957768/rnbd.o
                0x00000ee2                RNBD_SetAsyncMessageHandler

.text.SERCOM2_USART_WritePendingBytesGet%101
                0x00000f0a       0x24
 .text.SERCOM2_USART_WritePendingBytesGet
                0x00000f0a       0x24 build/default/production/_ext/504274921/plib_sercom2_usart.o

.text.SERCOM2_USART_ReadCountGet%102
                0x00000f2e       0x24
 .text.SERCOM2_USART_ReadCountGet
                0x00000f2e       0x24 build/default/production/_ext/504274921/plib_sercom2_usart.o
                0x00000f2e                SERCOM2_USART_ReadCountGet

.rodata.RNBD%103
                0x00000f54       0x24
 .rodata.RNBD   0x00000f54       0x24 build/default/production/_ext/1018957768/rnbd_interface.o
                0x00000f54                RNBD

.text.RNBD_Read%104
                0x00000f78       0x22
 .text.RNBD_Read
                0x00000f78       0x22 build/default/production/_ext/1018957768/rnbd.o
                0x00000f78                RNBD_Read

.rodata%105     0x00000f9c       0x20
 .rodata        0x00000f9c       0x20 build/default/production/_ext/1018957768/rnbd_interface.o

.text.RNBD_Reset%106
                0x00000fbc       0x1e
 .text.RNBD_Reset
                0x00000fbc       0x1e build/default/production/_ext/1018957768/rnbd_interface.o

.text.RNBD_ExampleInit%107
                0x00000fda       0x1a
 .text.RNBD_ExampleInit
                0x00000fda       0x1a build/default/production/_ext/729289533/non_secure_entry.o
                0x00000fda                __acle_se_RNBD_ExampleInit

.text.SERCOM2_USART_WriteFreeBufferCountGet%108
                0x00000ff4       0x16
 .text.SERCOM2_USART_WriteFreeBufferCountGet
                0x00000ff4       0x16 build/default/production/_ext/504274921/plib_sercom2_usart.o
                0x00000ff4                SERCOM2_USART_WriteFreeBufferCountGet

.text.UART_BLE_Read%109
                0x0000100a       0x16
 .text.UART_BLE_Read
                0x0000100a       0x16 build/default/production/_ext/1018957768/rnbd_interface.o
                0x0000100a                UART_BLE_Read

.text.UART_BLE_write%110
                0x00001020       0x16
 .text.UART_BLE_write
                0x00001020       0x16 build/default/production/_ext/1018957768/rnbd_interface.o
                0x00001020                UART_BLE_write

.text.RNBD_Delay%111
                0x00001036       0x14
 .text.RNBD_Delay
                0x00001036       0x14 build/default/production/_ext/1018957768/rnbd_interface.o

.text.NVMCTRL_Initialize%112
                0x0000104a       0x12
 .text.NVMCTRL_Initialize
                0x0000104a       0x12 build/default/production/_ext/1593096446/plib_nvmctrl.o
                0x0000104a                NVMCTRL_Initialize

.text.RNBD_is_rx_ready%113
                0x0000105c        0xe
 .text.RNBD_is_rx_ready
                0x0000105c        0xe build/default/production/_ext/1018957768/rnbd_interface.o

.text.UART_BLE_TransmitDone%114
                0x0000106a        0xe
 .text.UART_BLE_TransmitDone
                0x0000106a        0xe build/default/production/_ext/1018957768/rnbd_interface.o
                0x0000106a                UART_BLE_TransmitDone

.text.RNBD_IsConnected%115
                0x00001078        0xc
 .text.RNBD_IsConnected
                0x00001078        0xc build/default/production/_ext/1018957768/rnbd_interface.o
                0x00001078                RNBD_IsConnected

.text.RNBD_IsOTAComplete%116
                0x00001084        0xc
 .text.RNBD_IsOTAComplete
                0x00001084        0xc build/default/production/_ext/1018957768/rnbd_interface.o
                0x00001084                RNBD_IsOTAComplete

.text.SERCOM2_USART_WriteCountGet%117
                0x00001090        0x8
 .text.SERCOM2_USART_WriteCountGet
                0x00001090        0x8 build/default/production/_ext/504274921/plib_sercom2_usart.o
                0x00001090                SERCOM2_USART_WriteCountGet

.text.RNBD_read%118
                0x00001098        0x8
 .text.RNBD_read
                0x00001098        0x8 build/default/production/_ext/1018957768/rnbd_interface.o

.text.RNBD_Write%119
                0x000010a0        0x8
 .text.RNBD_Write
                0x000010a0        0x8 build/default/production/_ext/1018957768/rnbd_interface.o

.text.RNBD_is_tx_done%120
                0x000010a8        0x8
 .text.RNBD_is_tx_done
                0x000010a8        0x8 build/default/production/_ext/1018957768/rnbd_interface.o

.text.__pic32c_data_initialization%121
                0x000010b0        0x8
 .text.__pic32c_data_initialization
                0x000010b0        0x8 c:/program files/microchip/xc32/v4.21/bin/bin/../../lib/gcc/pic32c/8.3.1/../../../../pic32c/lib/thumb/v8-m.base/nofp\libpic32c.a(data_init_wrapper.o)
                0x000010b0                __pic32c_data_initialization

.text.EVSYS_Initialize%122
                0x00000be6        0x2
 .text.EVSYS_Initialize
                0x00000be6        0x2 build/default/production/_ext/1986646378/plib_evsys.o
                0x00000be6                EVSYS_Initialize

.text.Dummy_Handler%123
                0x00000f52        0x2
 .text.Dummy_Handler
                0x00000f52        0x2 build/default/production/_ext/1171490990/interrupts.o
                0x00000f52                SVCall_Handler
                0x00000f52                SERCOM0_2_Handler
                0x00000f52                EVSYS_0_Handler
                0x00000f52                TRNG_Handler
                0x00000f52                ADC_RESRDY_Handler
                0x00000f52                TC2_Handler
                0x00000f52                AC_Handler
                0x00000f52                DMAC_OTHER_Handler
                0x00000f52                EIC_EXTINT_5_Handler
                0x00000f52                SERCOM3_1_Handler
                0x00000f52                SysTick_Handler
                0x00000f52                SERCOM4_OTHER_Handler
                0x00000f52                SERCOM3_2_Handler
                0x00000f52                EIC_EXTINT_6_Handler
                0x00000f52                PendSV_Handler
                0x00000f52                EVSYS_3_Handler
                0x00000f52                TCC1_Handler
                0x00000f52                EIC_EXTINT_4_Handler
                0x00000f52                EIC_EXTINT_7_Handler
                0x00000f52                SERCOM0_OTHER_Handler
                0x00000f52                TCC0_Handler
                0x00000f52                SERCOM0_0_Handler
                0x00000f52                RTC_Handler
                0x00000f52                SERCOM4_0_Handler
                0x00000f52                SERCOM1_OTHER_Handler
                0x00000f52                EVSYS_1_Handler
                0x00000f52                DMAC_0_Handler
                0x00000f52                WDT_Handler
                0x00000f52                TRAM_Handler
                0x00000f52                EVSYS_NSCHK_Handler
                0x00000f52                EIC_EXTINT_1_Handler
                0x00000f52                SERCOM5_0_Handler
                0x00000f52                TC1_Handler
                0x00000f52                EIC_EXTINT_0_Handler
                0x00000f52                DAC_UNDERRUN_Handler
                0x00000f52                DAC_EMPTY_Handler
                0x00000f52                PAC_Handler
                0x00000f52                USB_Handler
                0x00000f52                SERCOM4_1_Handler
                0x00000f52                Dummy_Handler
                0x00000f52                SERCOM5_1_Handler
                0x00000f52                DMAC_2_Handler
                0x00000f52                SERCOM0_1_Handler
                0x00000f52                SERCOM5_OTHER_Handler
                0x00000f52                DMAC_1_Handler
                0x00000f52                TCC3_Handler
                0x00000f52                TCC2_Handler
                0x00000f52                EIC_EXTINT_2_Handler
                0x00000f52                SERCOM1_1_Handler
                0x00000f52                EVSYS_7_Handler
                0x00000f52                I2S_Handler
                0x00000f52                NVMCTRL_Handler
                0x00000f52                PORT_Handler
                0x00000f52                SYSTEM_Handler
                0x00000f52                SERCOM1_0_Handler
                0x00000f52                SERCOM1_2_Handler
                0x00000f52                SERCOM3_0_Handler
                0x00000f52                SERCOM4_2_Handler
                0x00000f52                EVSYS_4_Handler
                0x00000f52                SERCOM5_2_Handler
                0x00000f52                EIC_EXTINT_3_Handler
                0x00000f52                SERCOM3_OTHER_Handler
                0x00000f52                PTC_Handler
                0x00000f52                EVSYS_6_Handler
                0x00000f52                EVSYS_5_Handler
                0x00000f52                EVSYS_2_Handler
                0x00000f52                FREQM_Handler
                0x00000f52                TC0_Handler
                0x00000f52                EIC_OTHER_Handler
                0x00000f52                ADC_OTHER_Handler
                0x00000f52                DMAC_3_Handler

.text.Dummy_App_Func%124
                0x00000f9a        0x2
 .text.Dummy_App_Func
                0x00000f9a        0x2 build/default/production/_ext/1171490990/startup_xc32.o
                0x00000f9a                _on_reset
                0x00000f9a                _on_bootstrap
                0x00000f9a                __xc32_on_reset
                0x00000f9a                Dummy_App_Func
                0x00000f9a                __xc32_on_bootstrap

.text.NonMaskableInt_Handler%125
                0x000010b8        0x2
 .text.NonMaskableInt_Handler
                0x000010b8        0x2 build/default/production/_ext/1171490990/exceptions.o
                0x000010b8                NonMaskableInt_Handler

.text.HardFault_Handler%126
                0x000010ba        0x2
 .text.HardFault_Handler
                0x000010ba        0x2 build/default/production/_ext/1171490990/exceptions.o
                0x000010ba                HardFault_Handler

.text.RNBD_IndicateRx%127
                0x000010bc        0x2
 .text.RNBD_IndicateRx
                0x000010bc        0x2 build/default/production/_ext/1018957768/rnbd_interface.o

.text.RNBD_SetSystemMode%128
                0x000010be        0x2
 .text.RNBD_SetSystemMode
                0x000010be        0x2 build/default/production/_ext/1018957768/rnbd_interface.o

.text.Dummy_Handler%129
                0x000010c0        0x2
 .text.Dummy_Handler
                0x000010c0        0x2 C:\Users\i18360\AppData\Local\Temp\cc9wLQlo.o
                0x000010c0                SERCOM2_2_Handler
                0x000010c0                SERCOM2_OTHER_Handler
                0x000010c0                SERCOM2_0_Handler
                0x000010c0                SERCOM2_1_Handler

.text.__dummy%130
                0x000010c2        0x2
 .text.__dummy  0x000010c2        0x2 c:/program files/microchip/xc32/v4.21/bin/bin/../../lib/gcc/pic32c/8.3.1/../../../../pic32c/lib/thumb/v8-m.base/nofp\libc-musl.a(__libc_start_main.o)
                0x000010c2                __init_stdio
                0x000010c2                __init_host
